// Jest Snapshot v1, https://goo.gl/fbAQLP

exports[`Test for Calculator component The component should render 1`] = `
<DocumentFragment>
  <div
    style="width: 100%; height: 100%; padding: 24px 0px; display: flex; flex-wrap: wrap; max-width: 960px;"
  >
    <div
      style="width: 50%;"
    >
      <h2>
        Let's do some math!
      </h2>
      <h3>
        The calculator is draggable!
      </h3>
    </div>
    <div
      style="width: 50%; display: flex; justify-content: center; align-items: center;"
    >
      <div
        class="calc-wrapper"
        role="button"
        tabindex="0"
      >
        <div
          class="calc-result"
        >
          <output
            data-testid="result"
          >
            0
          </output>
        </div>
        <div
          class="calc-buttons"
        >
          <button
            data-testid="AC"
            type="button"
          >
            AC
          </button>
          <button
            data-testid="+/-"
            type="button"
          >
            +/-
          </button>
          <button
            data-testid="%"
            type="button"
          >
            %
          </button>
          <button
            data-testid="รท"
            type="button"
          >
            รท
          </button>
          <button
            data-testid="7"
            type="button"
          >
            7
          </button>
          <button
            data-testid="8"
            type="button"
          >
            8
          </button>
          <button
            data-testid="9"
            type="button"
          >
            9
          </button>
          <button
            data-testid="x"
            type="button"
          >
            x
          </button>
          <button
            data-testid="4"
            type="button"
          >
            4
          </button>
          <button
            data-testid="5"
            type="button"
          >
            5
          </button>
          <button
            data-testid="6"
            type="button"
          >
            6
          </button>
          <button
            data-testid="-"
            type="button"
          >
            -
          </button>
          <button
            data-testid="1"
            type="button"
          >
            1
          </button>
          <button
            data-testid="2"
            type="button"
          >
            2
          </button>
          <button
            data-testid="3"
            type="button"
          >
            3
          </button>
          <button
            data-testid="+"
            type="button"
          >
            +
          </button>
          <button
            data-testid="0"
            type="button"
          >
            0
          </button>
          <button
            data-testid="."
            type="button"
          >
            .
          </button>
          <button
            data-testid="="
            type="button"
          >
            =
          </button>
        </div>
      </div>
    </div>
  </div>
</DocumentFragment>
`;
